// Jest Snapshot v1, https://goo.gl/fbAQLP

exports[`renders correctly 1`] = `
<Text
  style={
    [
      {
        "fontSize": 17,
        "fontWeight": "400",
        "letterSpacing": 0.3,
        "lineHeight": 20,
      },
      {
        "color": "#000",
      },
      undefined,
    ]
  }
>
  Snapshot test!
</Text>
`;
